bme280.c:357:8:bme280_init	40	static
bme280.c:409:8:bme280_get_regs	48	static
bme280.c:442:8:bme280_set_regs	72	static
bme280.c:511:8:bme280_set_sensor_settings	40	static
bme280.c:554:8:bme280_get_sensor_settings	40	static
bme280.c:578:8:bme280_set_sensor_mode	40	static
bme280.c:610:8:bme280_get_sensor_mode	32	static
bme280.c:631:8:bme280_soft_reset	40	static
bme280.c:676:8:bme280_get_sensor_data	64	static
bme280.c:715:6:bme280_parse_sensor_data	32	static
bme280.c:745:8:bme280_compensate_data	40	static
bme280.c:788:15:set_osr_settings	40	static
bme280.c:809:15:set_osr_humidity_settings	40	static
bme280.c:841:15:set_osr_press_temp_settings	48	static
bme280.c:872:15:set_filter_standby_settings	48	static
bme280.c:903:13:fill_filter_settings	16	static
bme280.c:912:13:fill_standby_settings	16	static
bme280.c:921:13:fill_osr_press_settings	16	static
bme280.c:930:13:fill_osr_temp_settings	16	static
bme280.c:940:13:parse_device_settings	16	static
bme280.c:952:15:write_power_mode	40	static
bme280.c:978:15:put_device_to_sleep	48	static
bme280.c:1002:15:reload_device_settings	32	static
bme280.c:1021:15:compensate_temperature	64	static
bme280.c:1051:15:compensate_pressure	72	static
bme280.c:1098:15:compensate_humidity	96	static
bme280.c:1318:15:get_calib_data	64	static
bme280.c:1354:13:interleave_reg_addr	32	static
bme280.c:1369:13:parse_temp_press_calib_data	24	static
bme280.c:1392:13:parse_humidity_calib_data	40	static
bme280.c:1415:16:are_settings_changed	24	static
bme280.c:1437:15:null_ptr_check	24	static
